
> next16@0.1.0 build
> next build

node.exe : 
[baseline-browser-mapping] 
The data in this module is 
over two months old.  To 
ensure accurate Baseline 
data, please update: `npm 
i baseline-browser-mapping@
latest -D`
At line:1 char:1
+ & 
"C:\nvm4w\nodejs/node.exe" 
"C:\nvm4w\nodejs/node_modul
es/npm/bin/np ...
+ ~~~~~~~~~~~~~~~~~~~~~~~~~
~~~~~~~~~~~~~~~~~~~~~~~~~~~
~~~~~~~~~~~~~~~~~
    + CategoryInfo         
     : NotSpecified: ([ba  
  seline-brows...ping@la   
 test -D`:String) [], R    
emoteException
    + FullyQualifiedErrorI 
   d : NativeCommandError
 
   Γû▓ Next.js 16.0.1 (Turbopack)
   - Environments: .env.local, .env
   - Experiments (use with caution):
     ┬╖ serverActions

 ΓÜá The "middleware" file 
convention is deprecated. 
Please use "proxy" 
instead. Learn more: https:
//nextjs.org/docs/messages/
middleware-to-proxy
   Creating an optimized production build ...
[baseline-browser-mapping] 
The data in this module is 
over two months old.  To 
ensure accurate Baseline 
data, please update: `npm 
i baseline-browser-mapping@
latest -D`
[baseline-browser-mapping] 
The data in this module is 
over two months old.  To 
ensure accurate Baseline 
data, please update: `npm 
i baseline-browser-mapping@
latest -D`
Turbopack build 
encountered 1 warnings:
./node_modules/isomorphic-d
ompurify
Package jsdom can't be 
external
The request jsdom matches 
serverExternalPackages (or 
the default list).
The package resolves to a 
different version when 
requested from the project 
directory (26.1.0) 
compared to the package 
requested from the 
importing module (27.3.0).
Make sure to install the 
same version of the 
package in both locations.


 Γ£ô Compiled successfully in 23.0s
   Running TypeScript ...
   Collecting page data ...
[baseline-browser-mapping] 
The data in this module is 
over two months old.  To 
ensure accurate Baseline 
data, please update: `npm 
i baseline-browser-mapping@
latest -D`
[baseline-browser-mapping] 
The data in this module is 
over two months old.  To 
ensure accurate Baseline 
data, please update: `npm 
i baseline-browser-mapping@
latest -D`
[baseline-browser-mapping] 
The data in this module is 
over two months old.  To 
ensure accurate Baseline 
data, please update: `npm 
i baseline-browser-mapping@
latest -D`
[baseline-browser-mapping] 
The data in this module is 
over two months old.  To 
ensure accurate Baseline 
data, please update: `npm 
i baseline-browser-mapping@
latest -D`
[baseline-browser-mapping] 
The data in this module is 
over two months old.  To 
ensure accurate Baseline 
data, please update: `npm 
i baseline-browser-mapping@
latest -D`
[baseline-browser-mapping] 
The data in this module is 
over two months old.  To 
ensure accurate Baseline 
data, please update: `npm 
i baseline-browser-mapping@
latest -D`
[baseline-browser-mapping] 
The data in this module is 
over two months old.  To 
ensure accurate Baseline 
data, please update: `npm 
i baseline-browser-mapping@
latest -D`
[baseline-browser-mapping] 
The data in this module is 
over two months old.  To 
ensure accurate Baseline 
data, please update: `npm 
i baseline-browser-mapping@
latest -D`
[baseline-browser-mapping] 
The data in this module is 
over two months old.  To 
ensure accurate Baseline 
data, please update: `npm 
i baseline-browser-mapping@
latest -D`
[baseline-browser-mapping] 
The data in this module is 
over two months old.  To 
ensure accurate Baseline 
data, please update: `npm 
i baseline-browser-mapping@
latest -D`
[baseline-browser-mapping] 
The data in this module is 
over two months old.  To 
ensure accurate Baseline 
data, please update: `npm 
i baseline-browser-mapping@
latest -D`
   Generating static pages (0/73) ...
[baseline-browser-mapping] 
The data in this module is 
over two months old.  To 
ensure accurate Baseline 
data, please update: `npm 
i baseline-browser-mapping@
latest -D`
[baseline-browser-mapping] 
The data in this module is 
over two months old.  To 
ensure accurate Baseline 
data, please update: `npm 
i baseline-browser-mapping@
latest -D`
[baseline-browser-mapping] 
The data in this module is 
over two months old.  To 
ensure accurate Baseline 
data, please update: `npm 
i baseline-browser-mapping@
latest -D`
   Generating static pages (18/73) 
   Generating static pages (36/73) 
   Generating static pages (54/73) 
Error fetching activities: 
TypeError: Cannot read 
properties of undefined 
(reading 'length')
    at <unknown> (C:\websit
e\next16\.next\server\chunk
s\ssr\_4f768fd0._.js:1:4171
)
    at Array.forEach 
(<anonymous>)
    at g (C:\website\next16
\.next\server\chunks\ssr\_4
f768fd0._.js:1:3533)
    at async f (C:\website\
next16\.next\server\chunks\
ssr\[root-of-the-server]__e
3a4ebd0._.js:1:1475)
Error fetching activities: 
TypeError: Cannot read 
properties of undefined 
(reading 'length')
    at <unknown> (C:\websit
e\next16\.next\server\chunk
s\ssr\_4f768fd0._.js:1:4171
)
    at Array.forEach 
(<anonymous>)
    at g (C:\website\next16
\.next\server\chunks\ssr\_4
f768fd0._.js:1:3533)
    at async f (C:\website\
next16\.next\server\chunks\
ssr\[root-of-the-server]__e
3a4ebd0._.js:1:1475)
 Γ£ô Generating static pages (73/73) in 843.2ms
   Finalizing page optimization ...

Route (app)
Γöî Γùï /_not-found
Γö£ ╞Æ /[lang]
Γö£ ╞Æ /[lang]/about
Γö£ ╞Æ /[lang]/admin
Γö£ ╞Æ /[lang]/admin/categories
Γö£ ╞Æ /[lang]/admin/comments
Γö£ ╞Æ /[lang]/admin/contacts
Γö£ ╞Æ /[lang]/admin/content
Γö£ ╞Æ /[lang]/admin/notifications
Γö£ ╞Æ /[lang]/admin/partners
Γö£ ╞Æ /[lang]/admin/partners/[id]
Γö£ ╞Æ /[lang]/admin/partners/new
Γö£ ╞Æ /[lang]/admin/posts
Γö£ ╞Æ /[lang]/admin/projects
Γö£ ╞Æ /[lang]/admin/projects/[id]
Γö£ ╞Æ /[lang]/admin/projects/new
Γö£ ╞Æ /[lang]/admin/ranks
Γö£ ╞Æ /[lang]/admin/services
Γö£ ╞Æ /[lang]/admin/services/[id]
Γö£ ╞Æ /[lang]/admin/services/new
Γö£ ╞Æ /[lang]/admin/shop
Γö£ ╞Æ /[lang]/admin/shop/[itemId]
Γö£ ╞Æ /[lang]/admin/testimonials
Γö£ ╞Æ /[lang]/admin/testimonials/[id]
Γö£ ╞Æ /[lang]/admin/testimonials/new
Γö£ ╞Æ /[lang]/admin/theme
Γö£ ╞Æ /[lang]/admin/users
Γö£ ╞Æ /[lang]/apps
Γö£ ╞Æ /[lang]/apps/instagram-analyzer
Γö£ ╞Æ /[lang]/contact
Γö£ ╞Æ /[lang]/dashboard
Γö£ ╞Æ /[lang]/dashboard/portfolio
Γö£ ╞Æ /[lang]/login
Γö£ ╞Æ /[lang]/notifications
Γö£ ╞Æ /[lang]/post/[postId]
Γö£ ╞Æ /[lang]/profile/[username]
Γö£ ╞Æ /[lang]/projects
Γö£ ╞Æ /[lang]/projects/[slug]
Γö£ ╞Æ /[lang]/register
Γö£ ╞Æ /[lang]/search
Γö£ ╞Æ /[lang]/settings
Γö£ ╞Æ /[lang]/shop
Γö£ ╞Æ /[lang]/user/[username]
Γö£ ╞Æ /[lang]/user/[username]/portfolio
Γö£ ╞Æ /[lang]/works
Γö£ ╞Æ /[lang]/works/[id]
Γö£ ╞Æ /api/auth/[...nextauth]
Γö£ ╞Æ /api/debug-points
Γö£ ╞Æ /api/sanity/upload
Γöö Γùï /studio/[[...tool]]


╞Æ Proxy (Middleware)

Γùï  (Static)   prerendered as static content
╞Æ  (Dynamic)  server-rendered on demand

