app/[lang]/(root)/shop/page.tsx(3,45): error TS2307: Cannot find module '@/lib/actions/shop.actions' or its corresponding type declarations.
app/[lang]/(root)/shop/page.tsx(6,22): error TS2307: Cannot find module '@/components/Shop/ShopGrid' or its corresponding type declarations.
app/[lang]/admin/shop/page.tsx(2,29): error TS2307: Cannot find module '@/components/Admin/AdminShopClient' or its corresponding type declarations.

